../Core/Src/main.c:54:20:DWT_Init	4	static
../Core/Src/main.c:58:24:micros	4	static
../Core/Src/main.c:63:5:_write	24	static
../Core/Src/main.c:69:13:set_led	24	static
../Core/Src/main.c:84:13:beep	24	static
../Core/Src/main.c:93:17:us_read_cm	24	static
../Core/Src/main.c:109:13:print_btn	16	static
../Core/Src/main.c:114:13:register_press	24	static
../Core/Src/main.c:122:6:HAL_GPIO_EXTI_Callback	16	static
../Core/Src/main.c:130:13:reset_btn	8	static
../Core/Src/main.c:137:6:HAL_UARTEx_RxEventCallback	24	static
../Core/Src/main.c:161:5:main	32	static
../Core/Src/main.c:284:6:SystemClock_Config	120	static
../Core/Src/main.c:335:13:MX_USART3_UART_Init	8	static
../Core/Src/main.c:381:13:MX_DMA_Init	16	static
../Core/Src/main.c:402:13:MX_GPIO_Init	64	static
../Core/Src/main.c:521:6:MPU_Config	24	static
../Core/Src/main.c:552:6:Error_Handler	4	static,ignoring_inline_asm
